/bin/sh: 1: /home/rardlouis/cloud-app/scripts/health-check.sh: Permission denied
/bin/sh: 1: /home/rardlouis/cloud-app/scripts/health-check.sh: Permission denied
/bin/sh: 1: /home/rardlouis/cloud-app/scripts/health-check.sh: Permission denied
/bin/sh: 1: /home/rardlouis/cloud-app/scripts/health-check.sh: Permission denied
/bin/sh: 1: /home/rardlouis/cloud-app/scripts/health-check.sh: Permission denied
/bin/sh: 1: /home/rardlouis/cloud-app/scripts/health-check.sh: Permission denied
/bin/sh: 1: /home/rardlouis/cloud-app/scripts/health-check.sh: Permission denied
=============================
  SYSTEM HEALTH CHECK
 2026年 06月 01日 星期一 18:01:01 CST 
=============================
[OK] Disk at 77%
[WARN] Low memory: 93072KB free
[OK] ssh is running
[OK] cron is running
[OK] /etc exist
[OK] /var/log exist
[OK] /home exist
[OK] /tmp exist
=============================
 COMPLETE
=============================
=============================
  SYSTEM HEALTH CHECK
 2026年 06月 01日 星期一 18:02:01 CST 
=============================
[OK] Disk at 77%
[WARN] Low memory: 93072KB free
[OK] ssh is running
[OK] cron is running
[OK] /etc exist
[OK] /var/log exist
[OK] /home exist
[OK] /tmp exist
=============================
 COMPLETE
=============================
=============================
  SYSTEM HEALTH CHECK
 2026年 06月 01日 星期一 18:03:01 CST 
=============================
[OK] Disk at 77%
[WARN] Low memory: 93072KB free
[OK] ssh is running
[OK] cron is running
[OK] /etc exist
[OK] /var/log exist
[OK] /home exist
[OK] /tmp exist
=============================
 COMPLETE
=============================
=============================
  SYSTEM HEALTH CHECK
 2026年 06月 01日 星期一 18:04:01 CST 
=============================
[OK] Disk at 77%
[WARN] Low memory: 93072KB free
[OK] ssh is running
[OK] cron is running
[OK] /etc exist
[OK] /var/log exist
[OK] /home exist
[OK] /tmp exist
=============================
 COMPLETE
=============================
=============================
  SYSTEM HEALTH CHECK
 2026年 06月 01日 星期一 18:05:01 CST 
=============================
[OK] Disk at 77%
[WARN] Low memory: 92820KB free
[OK] ssh is running
[OK] cron is running
[OK] /etc exist
[OK] /var/log exist
[OK] /home exist
[OK] /tmp exist
=============================
 COMPLETE
=============================
=============================
  SYSTEM HEALTH CHECK
 2026年 06月 01日 星期一 18:06:01 CST 
=============================
[OK] Disk at 77%
[WARN] Low memory: 92568KB free
[OK] ssh is running
[OK] cron is running
[OK] /etc exist
[OK] /var/log exist
[OK] /home exist
[OK] /tmp exist
=============================
 COMPLETE
=============================
=============================
  SYSTEM HEALTH CHECK
 2026年 06月 01日 星期一 18:07:01 CST 
=============================
[OK] Disk at 77%
[WARN] Low memory: 91812KB free
[OK] ssh is running
[OK] cron is running
[OK] /etc exist
[OK] /var/log exist
[OK] /home exist
[OK] /tmp exist
=============================
 COMPLETE
=============================
=============================
  SYSTEM HEALTH CHECK
 2026年 06月 01日 星期一 18:08:01 CST 
=============================
[OK] Disk at 77%
[WARN] Low memory: 91812KB free
[OK] ssh is running
[OK] cron is running
[OK] /etc exist
[OK] /var/log exist
[OK] /home exist
[OK] /tmp exist
=============================
 COMPLETE
=============================
=============================
  SYSTEM HEALTH CHECK
 2026年 06月 01日 星期一 18:09:01 CST 
=============================
[OK] Disk at 77%
[WARN] Low memory: 91812KB free
[OK] ssh is running
[OK] cron is running
[OK] /etc exist
[OK] /var/log exist
[OK] /home exist
[OK] /tmp exist
=============================
 COMPLETE
=============================
=============================
  SYSTEM HEALTH CHECK
 2026年 06月 01日 星期一 18:10:01 CST 
=============================
[OK] Disk at 77%
[WARN] Low memory: 91812KB free
[OK] ssh is running
[OK] cron is running
[OK] /etc exist
[OK] /var/log exist
[OK] /home exist
[OK] /tmp exist
=============================
 COMPLETE
=============================
=============================
  SYSTEM HEALTH CHECK
 2026年 06月 01日 星期一 18:11:01 CST 
=============================
[OK] Disk at 77%
[WARN] Low memory: 91812KB free
[OK] ssh is running
[OK] cron is running
[OK] /etc exist
[OK] /var/log exist
[OK] /home exist
[OK] /tmp exist
=============================
 COMPLETE
=============================
=============================
  SYSTEM HEALTH CHECK
 2026年 06月 01日 星期一 18:12:01 CST 
=============================
[OK] Disk at 77%
[WARN] Low memory: 91812KB free
[OK] ssh is running
[OK] cron is running
[OK] /etc exist
[OK] /var/log exist
[OK] /home exist
[OK] /tmp exist
=============================
 COMPLETE
=============================
=============================
  SYSTEM HEALTH CHECK
 2026年 06月 01日 星期一 18:13:01 CST 
=============================
[OK] Disk at 77%
[WARN] Low memory: 96672KB free
[OK] ssh is running
[OK] cron is running
[OK] /etc exist
[OK] /var/log exist
[OK] /home exist
[OK] /tmp exist
=============================
 COMPLETE
=============================
=============================
  SYSTEM HEALTH CHECK
 2026年 06月 01日 星期一 18:14:01 CST 
=============================
[OK] Disk at 77%
[WARN] Low memory: 76700KB free
[OK] ssh is running
[OK] cron is running
[OK] /etc exist
[OK] /var/log exist
[OK] /home exist
[OK] /tmp exist
=============================
 COMPLETE
=============================
=============================
  SYSTEM HEALTH CHECK
 2026年 06月 01日 星期一 18:15:01 CST 
=============================
[OK] Disk at 77%
[WARN] Low memory: 76700KB free
[OK] ssh is running
[OK] cron is running
[OK] /etc exist
[OK] /var/log exist
[OK] /home exist
[OK] /tmp exist
=============================
 COMPLETE
=============================
=============================
  SYSTEM HEALTH CHECK
 2026年 06月 01日 星期一 18:16:01 CST 
=============================
[OK] Disk at 77%
[WARN] Low memory: 100952KB free
[OK] ssh is running
[OK] cron is running
[OK] /etc exist
[OK] /var/log exist
[OK] /home exist
[OK] /tmp exist
=============================
 COMPLETE
=============================
=============================
  SYSTEM HEALTH CHECK
 2026年 06月 01日 星期一 18:17:01 CST 
=============================
[OK] Disk at 77%
[WARN] Low memory: 122920KB free
[OK] ssh is running
[OK] cron is running
[OK] /etc exist
[OK] /var/log exist
[OK] /home exist
[OK] /tmp exist
=============================
 COMPLETE
=============================
=============================
  SYSTEM HEALTH CHECK
 2026年 06月 01日 星期一 18:18:01 CST 
=============================
[OK] Disk at 77%
[WARN] Low memory: 122920KB free
[OK] ssh is running
[OK] cron is running
[OK] /etc exist
[OK] /var/log exist
[OK] /home exist
[OK] /tmp exist
=============================
 COMPLETE
=============================
=============================
  SYSTEM HEALTH CHECK
 2026年 06月 01日 星期一 18:19:01 CST 
=============================
[OK] Disk at 77%
[WARN] Low memory: 122920KB free
[OK] ssh is running
[OK] cron is running
[OK] /etc exist
[OK] /var/log exist
[OK] /home exist
[OK] /tmp exist
=============================
 COMPLETE
=============================
=============================
  SYSTEM HEALTH CHECK
 2026年 06月 01日 星期一 18:20:01 CST 
=============================
[OK] Disk at 77%
[WARN] Low memory: 122668KB free
[OK] ssh is running
[OK] cron is running
[OK] /etc exist
[OK] /var/log exist
[OK] /home exist
[OK] /tmp exist
=============================
 COMPLETE
=============================
=============================
  SYSTEM HEALTH CHECK
 2026年 06月 01日 星期一 18:21:01 CST 
=============================
[OK] Disk at 77%
[WARN] Low memory: 122416KB free
[OK] ssh is running
[OK] cron is running
[OK] /etc exist
[OK] /var/log exist
[OK] /home exist
[OK] /tmp exist
=============================
 COMPLETE
=============================
=============================
  SYSTEM HEALTH CHECK
 2026年 06月 01日 星期一 18:22:01 CST 
=============================
[OK] Disk at 77%
[WARN] Low memory: 122416KB free
[OK] ssh is running
[OK] cron is running
[OK] /etc exist
[OK] /var/log exist
[OK] /home exist
[OK] /tmp exist
=============================
 COMPLETE
=============================
=============================
  SYSTEM HEALTH CHECK
 2026年 06月 01日 星期一 18:23:01 CST 
=============================
[OK] Disk at 77%
[WARN] Low memory: 139180KB free
[OK] ssh is running
[OK] cron is running
[OK] /etc exist
[OK] /var/log exist
[OK] /home exist
[OK] /tmp exist
=============================
 COMPLETE
=============================
=============================
  SYSTEM HEALTH CHECK
 2026年 06月 01日 星期一 18:24:01 CST 
=============================
[OK] Disk at 77%
[WARN] Low memory: 140048KB free
[OK] ssh is running
[OK] cron is running
[OK] /etc exist
[OK] /var/log exist
[OK] /home exist
[OK] /tmp exist
=============================
 COMPLETE
=============================
=============================
  SYSTEM HEALTH CHECK
 2026年 06月 01日 星期一 18:25:01 CST 
=============================
[OK] Disk at 77%
[WARN] Low memory: 140048KB free
[OK] ssh is running
[OK] cron is running
[OK] /etc exist
[OK] /var/log exist
[OK] /home exist
[OK] /tmp exist
=============================
 COMPLETE
=============================
=============================
  SYSTEM HEALTH CHECK
 2026年 06月 01日 星期一 18:26:01 CST 
=============================
[OK] Disk at 77%
[WARN] Low memory: 132868KB free
[OK] ssh is running
[OK] cron is running
[OK] /etc exist
[OK] /var/log exist
[OK] /home exist
[OK] /tmp exist
=============================
 COMPLETE
=============================
=============================
  SYSTEM HEALTH CHECK
 2026年 06月 01日 星期一 18:27:01 CST 
=============================
[OK] Disk at 77%
[WARN] Low memory: 114152KB free
[OK] ssh is running
[OK] cron is running
[OK] /etc exist
[OK] /var/log exist
[OK] /home exist
[OK] /tmp exist
=============================
 COMPLETE
=============================
=============================
  SYSTEM HEALTH CHECK
 2026年 06月 01日 星期一 18:28:01 CST 
=============================
[OK] Disk at 77%
[WARN] Low memory: 109348KB free
[OK] ssh is running
[OK] cron is running
[OK] /etc exist
[OK] /var/log exist
[OK] /home exist
[OK] /tmp exist
=============================
 COMPLETE
=============================
=============================
  SYSTEM HEALTH CHECK
 2026年 06月 01日 星期一 18:29:01 CST 
=============================
[OK] Disk at 77%
[WARN] Low memory: 108844KB free
[OK] ssh is running
[OK] cron is running
[OK] /etc exist
[OK] /var/log exist
[OK] /home exist
[OK] /tmp exist
=============================
 COMPLETE
=============================
=============================
  SYSTEM HEALTH CHECK
 2026年 06月 01日 星期一 18:30:01 CST 
=============================
[OK] Disk at 77%
[WARN] Low memory: 108352KB free
[OK] ssh is running
[OK] cron is running
[OK] /etc exist
[OK] /var/log exist
[OK] /home exist
[OK] /tmp exist
=============================
 COMPLETE
=============================
=============================
  SYSTEM HEALTH CHECK
 2026年 06月 01日 星期一 18:31:01 CST 
=============================
[OK] Disk at 77%
[WARN] Low memory: 116500KB free
[OK] ssh is running
[OK] cron is running
[OK] /etc exist
[OK] /var/log exist
[OK] /home exist
[OK] /tmp exist
=============================
 COMPLETE
=============================
=============================
  SYSTEM HEALTH CHECK
 2026年 06月 01日 星期一 18:32:01 CST 
=============================
[OK] Disk at 77%
[WARN] Low memory: 114736KB free
[OK] ssh is running
[OK] cron is running
[OK] /etc exist
[OK] /var/log exist
[OK] /home exist
[OK] /tmp exist
=============================
 COMPLETE
=============================
=============================
  SYSTEM HEALTH CHECK
 2026年 06月 01日 星期一 18:33:01 CST 
=============================
[OK] Disk at 78%
[OK] Memory healthy: 249256KB free
[OK] ssh is running
[OK] cron is running
[OK] /etc exist
[OK] /var/log exist
[OK] /home exist
[OK] /tmp exist
=============================
 COMPLETE
=============================
=============================
  SYSTEM HEALTH CHECK
 2026年 06月 01日 星期一 18:34:01 CST 
=============================
[OK] Disk at 79%
[WARN] Low memory: 169544KB free
[OK] ssh is running
[OK] cron is running
[OK] /etc exist
[OK] /var/log exist
[OK] /home exist
[OK] /tmp exist
=============================
 COMPLETE
=============================
=============================
  SYSTEM HEALTH CHECK
 2026年 06月 01日 星期一 18:35:01 CST 
=============================
[OK] Disk at 79%
[WARN] Low memory: 173232KB free
[OK] ssh is running
[OK] cron is running
[OK] /etc exist
[OK] /var/log exist
[OK] /home exist
[OK] /tmp exist
=============================
 COMPLETE
=============================
=============================
  SYSTEM HEALTH CHECK
 2026年 06月 01日 星期一 18:36:01 CST 
=============================
[OK] Disk at 79%
[WARN] Low memory: 144532KB free
[OK] ssh is running
[OK] cron is running
[OK] /etc exist
[OK] /var/log exist
[OK] /home exist
[OK] /tmp exist
=============================
 COMPLETE
=============================
=============================
  SYSTEM HEALTH CHECK
 2026年 06月 01日 星期一 18:37:01 CST 
=============================
[OK] Disk at 79%
[WARN] Low memory: 144532KB free
[OK] ssh is running
[OK] cron is running
[OK] /etc exist
[OK] /var/log exist
[OK] /home exist
[OK] /tmp exist
=============================
 COMPLETE
=============================
=============================
  SYSTEM HEALTH CHECK
 2026年 06月 01日 星期一 18:38:01 CST 
=============================
[OK] Disk at 79%
[WARN] Low memory: 144532KB free
[OK] ssh is running
[OK] cron is running
[OK] /etc exist
[OK] /var/log exist
[OK] /home exist
[OK] /tmp exist
=============================
 COMPLETE
=============================
=============================
  SYSTEM HEALTH CHECK
 2026年 06月 01日 星期一 18:39:01 CST 
=============================
[OK] Disk at 79%
[WARN] Low memory: 169508KB free
[OK] ssh is running
[OK] cron is running
[OK] /etc exist
[OK] /var/log exist
[OK] /home exist
[OK] /tmp exist
=============================
 COMPLETE
=============================
=============================
  SYSTEM HEALTH CHECK
 2026年 06月 01日 星期一 18:40:01 CST 
=============================
[OK] Disk at 79%
[WARN] Low memory: 169508KB free
[OK] ssh is running
[OK] cron is running
[OK] /etc exist
[OK] /var/log exist
[OK] /home exist
[OK] /tmp exist
=============================
 COMPLETE
=============================
=============================
  SYSTEM HEALTH CHECK
 2026年 06月 01日 星期一 18:41:01 CST 
=============================
[OK] Disk at 79%
[WARN] Low memory: 169508KB free
[OK] ssh is running
[OK] cron is running
[OK] /etc exist
[OK] /var/log exist
[OK] /home exist
[OK] /tmp exist
=============================
 COMPLETE
=============================
=============================
  SYSTEM HEALTH CHECK
 2026年 06月 01日 星期一 18:42:01 CST 
=============================
[OK] Disk at 79%
[WARN] Low memory: 169508KB free
[OK] ssh is running
[OK] cron is running
[OK] /etc exist
[OK] /var/log exist
[OK] /home exist
[OK] /tmp exist
=============================
 COMPLETE
=============================
=============================
  SYSTEM HEALTH CHECK
 2026年 06月 01日 星期一 18:43:01 CST 
=============================
[OK] Disk at 79%
[WARN] Low memory: 169508KB free
[OK] ssh is running
[OK] cron is running
[OK] /etc exist
[OK] /var/log exist
[OK] /home exist
[OK] /tmp exist
=============================
 COMPLETE
=============================
=============================
  SYSTEM HEALTH CHECK
 2026年 06月 01日 星期一 18:44:01 CST 
=============================
[OK] Disk at 79%
[WARN] Low memory: 169508KB free
[OK] ssh is running
[OK] cron is running
[OK] /etc exist
[OK] /var/log exist
[OK] /home exist
[OK] /tmp exist
=============================
 COMPLETE
=============================
=============================
  SYSTEM HEALTH CHECK
 2026年 06月 01日 星期一 18:45:01 CST 
=============================
[OK] Disk at 79%
[WARN] Low memory: 169508KB free
[OK] ssh is running
[OK] cron is running
[OK] /etc exist
[OK] /var/log exist
[OK] /home exist
[OK] /tmp exist
=============================
 COMPLETE
=============================
=============================
  SYSTEM HEALTH CHECK
 2026年 06月 01日 星期一 18:46:01 CST 
=============================
[OK] Disk at 79%
[WARN] Low memory: 147520KB free
[OK] ssh is running
[OK] cron is running
[OK] /etc exist
[OK] /var/log exist
[OK] /home exist
[OK] /tmp exist
=============================
 COMPLETE
=============================
=============================
  SYSTEM HEALTH CHECK
 2026年 06月 01日 星期一 18:47:01 CST 
=============================
[OK] Disk at 79%
[WARN] Low memory: 149224KB free
[OK] ssh is running
[OK] cron is running
[OK] /etc exist
[OK] /var/log exist
[OK] /home exist
[OK] /tmp exist
=============================
 COMPLETE
=============================
=============================
  SYSTEM HEALTH CHECK
 2026年 06月 01日 星期一 18:48:01 CST 
=============================
[OK] Disk at 79%
[WARN] Low memory: 148216KB free
[OK] ssh is running
[OK] cron is running
[OK] /etc exist
[OK] /var/log exist
[OK] /home exist
[OK] /tmp exist
=============================
 COMPLETE
=============================
=============================
  SYSTEM HEALTH CHECK
 2026年 06月 01日 星期一 18:49:01 CST 
=============================
[OK] Disk at 79%
[WARN] Low memory: 146956KB free
[OK] ssh is running
[OK] cron is running
[OK] /etc exist
[OK] /var/log exist
[OK] /home exist
[OK] /tmp exist
=============================
 COMPLETE
=============================
=============================
  SYSTEM HEALTH CHECK
 2026年 06月 01日 星期一 18:50:01 CST 
=============================
[OK] Disk at 79%
[WARN] Low memory: 145696KB free
[OK] ssh is running
[OK] cron is running
[OK] /etc exist
[OK] /var/log exist
[OK] /home exist
[OK] /tmp exist
=============================
 COMPLETE
=============================
=============================
  SYSTEM HEALTH CHECK
 2026年 06月 01日 星期一 18:51:01 CST 
=============================
[OK] Disk at 79%
[WARN] Low memory: 144688KB free
[OK] ssh is running
[OK] cron is running
[OK] /etc exist
[OK] /var/log exist
[OK] /home exist
[OK] /tmp exist
=============================
 COMPLETE
=============================
=============================
  SYSTEM HEALTH CHECK
 2026年 06月 01日 星期一 18:52:01 CST 
=============================
[OK] Disk at 79%
[WARN] Low memory: 143932KB free
[OK] ssh is running
[OK] cron is running
[OK] /etc exist
[OK] /var/log exist
[OK] /home exist
[OK] /tmp exist
=============================
 COMPLETE
=============================
=============================
  SYSTEM HEALTH CHECK
 2026年 06月 01日 星期一 18:53:01 CST 
=============================
[OK] Disk at 79%
[WARN] Low memory: 142924KB free
[OK] ssh is running
[OK] cron is running
[OK] /etc exist
[OK] /var/log exist
[OK] /home exist
[OK] /tmp exist
=============================
 COMPLETE
=============================
=============================
  SYSTEM HEALTH CHECK
 2026年 06月 01日 星期一 18:54:01 CST 
=============================
[OK] Disk at 79%
[WARN] Low memory: 142924KB free
[OK] ssh is running
[OK] cron is running
[OK] /etc exist
[OK] /var/log exist
[OK] /home exist
[OK] /tmp exist
=============================
 COMPLETE
=============================
=============================
  SYSTEM HEALTH CHECK
 2026年 06月 01日 星期一 18:55:01 CST 
=============================
[OK] Disk at 79%
[WARN] Low memory: 142924KB free
[OK] ssh is running
[OK] cron is running
[OK] /etc exist
[OK] /var/log exist
[OK] /home exist
[OK] /tmp exist
=============================
 COMPLETE
=============================
=============================
  SYSTEM HEALTH CHECK
 2026年 06月 01日 星期一 18:56:01 CST 
=============================
[OK] Disk at 79%
[WARN] Low memory: 141916KB free
[OK] ssh is running
[OK] cron is running
[OK] /etc exist
[OK] /var/log exist
[OK] /home exist
[OK] /tmp exist
=============================
 COMPLETE
=============================
=============================
  SYSTEM HEALTH CHECK
 2026年 06月 01日 星期一 18:57:01 CST 
=============================
[OK] Disk at 79%
[WARN] Low memory: 141664KB free
[OK] ssh is running
[OK] cron is running
[OK] /etc exist
[OK] /var/log exist
[OK] /home exist
[OK] /tmp exist
=============================
 COMPLETE
=============================
=============================
  SYSTEM HEALTH CHECK
 2026年 06月 01日 星期一 18:58:01 CST 
=============================
[OK] Disk at 79%
[WARN] Low memory: 141160KB free
[OK] ssh is running
[OK] cron is running
[OK] /etc exist
[OK] /var/log exist
[OK] /home exist
[OK] /tmp exist
=============================
 COMPLETE
=============================
=============================
  SYSTEM HEALTH CHECK
 2026年 06月 01日 星期一 18:59:01 CST 
=============================
[OK] Disk at 79%
[WARN] Low memory: 140404KB free
[OK] ssh is running
[OK] cron is running
[OK] /etc exist
[OK] /var/log exist
[OK] /home exist
[OK] /tmp exist
=============================
 COMPLETE
=============================
=============================
  SYSTEM HEALTH CHECK
 2026年 06月 01日 星期一 19:00:01 CST 
=============================
[OK] Disk at 79%
[WARN] Low memory: 139396KB free
[OK] ssh is running
[OK] cron is running
[OK] /etc exist
[OK] /var/log exist
[OK] /home exist
[OK] /tmp exist
=============================
 COMPLETE
=============================
=============================
  SYSTEM HEALTH CHECK
 2026年 06月 01日 星期一 19:01:01 CST 
=============================
[OK] Disk at 79%
[WARN] Low memory: 139144KB free
[OK] ssh is running
[OK] cron is running
[OK] /etc exist
[OK] /var/log exist
[OK] /home exist
[OK] /tmp exist
=============================
 COMPLETE
=============================
=============================
  SYSTEM HEALTH CHECK
 2026年 06月 01日 星期一 19:02:01 CST 
=============================
[OK] Disk at 79%
[WARN] Low memory: 139820KB free
[OK] ssh is running
[OK] cron is running
[OK] /etc exist
[OK] /var/log exist
[OK] /home exist
[OK] /tmp exist
=============================
 COMPLETE
=============================
=============================
  SYSTEM HEALTH CHECK
 2026年 06月 01日 星期一 19:03:01 CST 
=============================
[OK] Disk at 79%
[WARN] Low memory: 140072KB free
[OK] ssh is running
[OK] cron is running
[OK] /etc exist
[OK] /var/log exist
[OK] /home exist
[OK] /tmp exist
=============================
 COMPLETE
=============================
=============================
  SYSTEM HEALTH CHECK
 2026年 06月 01日 星期一 19:04:01 CST 
=============================
[OK] Disk at 79%
[WARN] Low memory: 139064KB free
[OK] ssh is running
[OK] cron is running
[OK] /etc exist
[OK] /var/log exist
[OK] /home exist
[OK] /tmp exist
=============================
 COMPLETE
=============================
=============================
  SYSTEM HEALTH CHECK
 2026年 06月 01日 星期一 19:05:01 CST 
=============================
[OK] Disk at 79%
[WARN] Low memory: 142128KB free
[OK] ssh is running
[OK] cron is running
[OK] /etc exist
[OK] /var/log exist
[OK] /home exist
[OK] /tmp exist
=============================
 COMPLETE
=============================
=============================
  SYSTEM HEALTH CHECK
 2026年 06月 01日 星期一 19:06:01 CST 
=============================
[OK] Disk at 79%
[WARN] Low memory: 149288KB free
[OK] ssh is running
[OK] cron is running
[OK] /etc exist
[OK] /var/log exist
[OK] /home exist
[OK] /tmp exist
=============================
 COMPLETE
=============================
=============================
  SYSTEM HEALTH CHECK
 2026年 06月 01日 星期一 19:07:01 CST 
=============================
[OK] Disk at 79%
[WARN] Low memory: 140256KB free
[OK] ssh is running
[OK] cron is running
[OK] /etc exist
[OK] /var/log exist
[OK] /home exist
[OK] /tmp exist
=============================
 COMPLETE
=============================
=============================
  SYSTEM HEALTH CHECK
 2026年 06月 01日 星期一 19:10:01 CST 
=============================
[OK] Disk at 79%
[WARN] Low memory: 160940KB free
[OK] ssh is running
[OK] cron is running
[OK] /etc exist
[OK] /var/log exist
[OK] /home exist
[OK] /tmp exist
=============================
 COMPLETE
=============================
=============================
  SYSTEM HEALTH CHECK
 2026年 06月 01日 星期一 19:15:01 CST 
=============================
[OK] Disk at 79%
[WARN] Low memory: 160196KB free
[OK] ssh is running
[OK] cron is running
[OK] /etc exist
[OK] /var/log exist
[OK] /home exist
[OK] /tmp exist
=============================
 COMPLETE
=============================
